// Jest Snapshot v1, https://goo.gl/fbAQLP

exports[`should render Expense item correctly, with expense item 1`] = `
<div>
  <Link
    to="/edit/1"
  >
    <h3>
      Gun
    </h3>
  </Link>
  <p>
    195
  </p>
   - 
  <p>
    0
     
  </p>
</div>
`;
